Total de filas en el dataframe: 1851950

================================================================================
Query 1
================================================================================
FILA EN POSICIÓN 2026:
--------------------------------------------------------------------------------
OW_events                                                                          [297, 292, 297, 292, 297, 292, 297, 292, 297, 292, 297, 292]
PW_events    [297, 292, 297, 292, 297, 292, 297, 292, 297, 292, 297, 292, 297, 292, 297, 292, 297, 292, 297, 292, 297, 292, 297, 292, 297, 292]

FILA EN POSICIÓN 10231:
--------------------------------------------------------------------------------
OW_events                                                                  []
PW_events    [87, 92, 87, 92, 87, 92, 87, 92, 87, 92, 87, 92, 87, 92, 87, 92]

FILA EN POSICIÓN 123123:
--------------------------------------------------------------------------------
OW_events    [490, 495, 490, 495, 490, 495, 490, 495, 490, 495, 490, 495, 490, 495, 490, 495, 490, 495, 490, 495, 490, 495, 490, 495, 490, 495, 490, 495]
PW_events                                                                                                                                              []

================================================================================
Query 2
================================================================================
FILA EN POSICIÓN 401234:
--------------------------------------------------------------------------------
OW_events                                    [86, 81]
PW_events    [86, 80, 75, 81, 86, 81, 86, 81, 86, 81]

FILA EN POSICIÓN 123123:
--------------------------------------------------------------------------------
OW_events    [490, 495, 490, 495, 490, 495, 490, 495, 490, 495, 490, 495, 490, 495, 490, 495, 490, 495, 490, 495, 490, 495, 490, 495, 490, 495, 490, 495]
PW_events                                                                                                                                              []

FILA EN POSICIÓN 1500123:
--------------------------------------------------------------------------------
OW_events    [86, 80, 112, 75, 117, 80, 286, 291, 112, 117, 75, 81, 86, 80, 75, 81, 112, 87, 117, 92, 85, 112, 117, 112, 117, 75, 81, 86, 112, 117, 80, 112, 117, 75, 80, 75, 81, 86, 80, 75, 80, 75, 81, 86, 148, 81, 143, 86, 112, 117, 80, 112, 117, 112, 75, 117, 80, 286, 291, 112, 117, 75, 112, 117, 112, 117, 112, 117, 80, 286, 291, 112, 117, 75, 148, 143, 80, 148, 143, 75, 112, 80, 117, 112, 117, 75, 81, 86, 80, 75, 81, 86, 81, 86, 80, 112, 117, 148, 143]
PW_events                                                                                                                                                        [75, 112, 117, 112, 117, 112, 117, 112, 117, 80, 75, 80, 74, 148, 286, 143, 291, 112, 117, 286, 291, 286, 291, 112, 117, 148, 69, 143, 75, 80, 74, 112, 69, 117, 74, 286, 69, 291, 286, 291, 74, 69, 74, 112, 117, 69, 286, 291, 286, 291, 74, 69, 148, 143, 148, 143, 112, 74, 117, 69, 74, 112, 117, 69]

================================================================================
Query 3
================================================================================
FILA EN POSICIÓN 712039:
--------------------------------------------------------------------------------
OW_events      []
PW_events    [68]

FILA EN POSICIÓN 123123:
--------------------------------------------------------------------------------
OW_events    [490, 495, 490, 495, 490, 495, 490, 495, 490, 495, 490, 495, 490, 495, 490, 495, 490, 495, 490, 495, 490, 495, 490, 495, 490, 495, 490, 495]
PW_events                                                                                                                                              []

FILA EN POSICIÓN 98234:
--------------------------------------------------------------------------------
OW_events    [86, 81, 86, 81, 86, 81]
PW_events                          []

================================================================================
Query 4
================================================================================
FILA EN POSICIÓN 95736:
--------------------------------------------------------------------------------
OW_events    [74, 69, 74, 69, 74, 69, 74, 69, 74]
PW_events                    [68, 63, 68, 63, 68]

FILA EN POSICIÓN 12314:
--------------------------------------------------------------------------------
OW_events    [74]
PW_events    [68]

FILA EN POSICIÓN 103982:
--------------------------------------------------------------------------------
OW_events    [75, 80, 75, 80, 74, 69, 74, 69, 74, 69, 74, 69, 74]
PW_events                    [68, 63, 68, 63, 68, 63, 68, 63, 68]

================================================================================
Query 5
================================================================================
FILA EN POSICIÓN 190385:
--------------------------------------------------------------------------------
OW_events    [292, 297, 292, 297, 292, 297, 292, 297, 292, 297, 292, 297, 292, 297, 292, 297, 292, 297, 292, 297, 292, 297, 292, 297]
PW_events                               [86, 292, 81, 297, 292, 297, 292, 297, 292, 297, 292, 297, 292, 297, 292, 297, 292, 297, 292]

FILA EN POSICIÓN 19374:
--------------------------------------------------------------------------------
OW_events    [75, 80, 75, 81, 85, 76, 87, 91, 80, 75, 81, 86, 80, 75, 80, 75, 80, 76, 85, 75, 81, 86, 81, 86, 81, 87, 91, 80, 76, 86, 81, 86, 81, 86, 81, 87, 92, 86, 81, 86, 80, 75, 81, 86, 81, 86, 81, 86, 82, 91, 81, 86, 81, 86, 81, 87, 297, 292, 297, 91, 292, 81, 86, 80, 75, 80, 75, 80, 74, 69, 74, 69, 74]
PW_events                         [292, 297, 292, 92, 86, 80, 75, 80, 75, 81, 86, 81, 87, 92, 87, 92, 87, 92, 86, 81, 87, 297, 292, 92, 86, 81, 86, 81, 86, 81, 87, 297, 292, 297, 292, 92, 87, 297, 92, 292, 87, 297, 92, 292, 86, 80, 75, 80, 75, 82, 297, 91, 292, 80, 75, 80, 75, 80, 75, 80, 75, 80, 75, 80, 75]

FILA EN POSICIÓN 10329:
--------------------------------------------------------------------------------
OW_events                                                                                          []
PW_events    [87, 92, 87, 92, 87, 92, 87, 92, 87, 92, 87, 92, 87, 92, 87, 92, 87, 92, 87, 92, 87, 92]

