🚀 Iniciando Simulación de Frontend (Test E2E Asíncrono)
📡 Conectando a: http://127.0.0.1:8050
📊 Límite de vista previa: 20 filas
------------------------------------------------------------
✅ API detectada y respondiendo.
📋 Consultas cargadas: 15

📄 Contenido de queries.yml:
[
  {
    "src": "(297,292,*) | (490,495,*) | (!{297} & !{490} & !{292})",
    "dst": "(297,292,*) | (87,92,*) | (!{297} & !{87} & !{490})"
  },
  {
    "src": "(86,81) | (86,80,*) | (490,495,*)",
    "dst": "(86,80,*) | (75,112,*) | (!{86} & !{75} & !{112})"
  },
  {
    "src": "(!{490} & !{86}) | (490,495,*) | (86,81,*)",
    "dst": "(68) | (!{68} & !{63})"
  },
  {
    "src": "(74) | (74,69,*) | (75,80,*)",
    "dst": "(68) | (68,63,*)"
  },
  {
    "src": "(292,297,*) | (75,80,*) | (!{292} & !{75} & !{80})",
    "dst": "(86,292,*) | (292,297,*) | (87,92,*)"
  },
  {
    "src": "(297,292,297,292,297,292,297,292,297,292,297,292) | (490,495,490,495,490,495,490,495,490,495,490,495,*) | (!{297} & !{490} & !{495})",
    "dst": "(297,292,297,292,297,292,297,292,297,292,297,292,297,292,*) | (87,92,87,92,87,92,87,92,87,92,87,92,87,92,87,92) | (!{297} & !{87} & !{92})"
  },
  {
    "src": "(86,81) | (490,495,490,495,490,495,*) | (86,80,112,75,117,80,286,291,112,117,75,81,*)",
    "dst": "(86,80,75,81,86,81,86,81,86,81) | (!{86} & !{75} & !{80} & !{112}) | (75,112,117,112,117,112,117,112,117,80,75,80,74,*)"
  },
  {
    "src": "(!{490} & !{86}) | (490,495,490,495,490,495,*) | (86,81,86,81,86,81)",
    "dst": "(68) | (!{68} & !{490} & !{86})"
  },
  {
    "src": "(74) | (74,69,74,69,74,69,74,69,74) | (75,80,75,80,74,69,74,69,74,69,74,69,74)",
    "dst": "(68) | (68,63,68,63,68) | (68,63,68,63,68,63,68,63,68)"
  },
  {
    "src": "(292,297,292,297,292,297,*) | (75,80,75,81,85,76,87,91,80,75,81,86,*) | (!{292} & !{75} & !{80})",
    "dst": "(86,292,81,297,292,297,292,297,*) | (292,297,292,92,86,80,75,80,75,81,86,*) | (87,92,87,92,87,92,87,92,87,92,87,92,87,92,*)"
  },
  {
    "src": "(297,292,297,292,297,292,297,292,297,292,297,292) | !(?,*) | (490,495,490,495,490,495,490,495,490,495,490,495,490,495,490,495,490,495,490,495,490,495,490,495,490,495,490,495)",
    "dst": "(297,292,297,292,297,292,297,292,297,292,297,292,297,292,297,292,297,292,297,292,297,292,297,292,297,292) | (87,92,87,92,87,92,87,92,87,92,87,92,87,92,87,92) | !(?,*)"
  },
  {
    "src": "(86,81) | (490,495,490,495,490,495,490,495,490,495,490,495,490,495,490,495,490,495,490,495,490,495,490,495,490,495,490,495) | (86,80,112,75,117,80,286,291,112,117,75,81,86,80,75,81,112,87,117,92,85,112,117,112,117,75,81,86,112,117,80,112,117,75,80,75,81,86,80,75,80,75,81,86,148,81,143,86,112,117,80,112,117,112,75,117,80,286,291,112,117,75,112,117,112,117,112,117,80,286,291,112,117,75,148,143,80,148,143,75,112,80,117,112,117,75,81,86,80,75,81,86,81,86,80,112,117,148,143)",
    "dst": "(86,80,75,81,86,81,86,81,86,81) | !(?,*) | (75,112,117,112,117,112,117,112,117,80,75,80,74,148,286,143,291,112,117,286,291,286,291,112,117,148,69,143,75,80,74,112,69,117,74,286,69,291,286,291,74,69,74,112,117,69,286,291,286,291,74,69,148,143,148,143,112,74,117,69,74,112,117,69)"
  },
  {
    "src": "!(?,*) | (490,495,490,495,490,495,490,495,490,495,490,495,490,495,490,495,490,495,490,495,490,495,490,495,490,495,490,495) | (86,81,86,81,86,81)",
    "dst": "(68) | !(?,*)"
  },
  {
    "src": "(74,69,74,69,74,69,74,69,74) | (74) | (75,80,75,80,74,69,74,69,74,69,74,69,74)",
    "dst": "(68,63,68,63,68) | (68) | (68,63,68,63,68,63,68,63,68)"
  },
  {
    "src": "(292,297,292,297,292,297,292,297,292,297,292,297,292,297,292,297,292,297,292,297,292,297,292,297) | (75,80,75,81,85,76,87,91,80,75,81,86,80,75,80,75,80,76,85,75,81,86,81,86,81,87,91,80,76,86,81,86,81,86,81,87,92,86,81,86,80,75,81,86,81,86,81,86,82,91,81,86,81,86,81,87,297,292,297,91,292,81,86,80,75,80,75,80,74,69,74,69,74) | !(?,*)",
    "dst": "(86,292,81,297,292,297,292,297,292,297,292,297,292,297,292,297,292,297,292) | (292,297,292,92,86,80,75,80,75,81,86,81,87,92,87,92,87,92,86,81,87,297,292,92,86,81,86,81,86,81,87,297,292,297,292,92,87,297,92,292,87,297,92,292,86,80,75,80,75,82,297,91,292,80,75,80,75,80,75,80,75,80,75,80,75) | (87,92,87,92,87,92,87,92,87,92,87,92,87,92,87,92,87,92,87,92,87,92)"
  }
]
------------------------------------------------------------

▶️  EJECUTANDO CONSULTA #1
    SRC: (297,292,*) | (490,495,*) | (!{297} & !{490} & !{292})
    DST: (297,292,*) | (87,92,*) | (!{297} & !{87} & !{490})
    ⏳ Consulta encolada (ID: 7ac363442d19). Esperando procesamiento...
    ✅ Estado: DONE
    ✅ Procesado total en 1.03s
    📊 Resultados reales: 1418045 filas
    👀 Vista previa (20 filas):
       1. {'obs_seq': '', 'pred_seq': '63', 'obs_events': [], 'pred_events': [63]}
       2. {'obs_seq': '', 'pred_seq': '63', 'obs_events': [], 'pred_events': [63]}
       3. {'obs_seq': '', 'pred_seq': '63', 'obs_events': [], 'pred_events': [63]}
       4. {'obs_seq': '', 'pred_seq': '63', 'obs_events': [], 'pred_events': [63]}
       5. {'obs_seq': '', 'pred_seq': '63', 'obs_events': [], 'pred_events': [63]}
       6. {'obs_seq': '', 'pred_seq': '63', 'obs_events': [], 'pred_events': [63]}
       7. {'obs_seq': '', 'pred_seq': '63', 'obs_events': [], 'pred_events': [63]}
       8. {'obs_seq': '', 'pred_seq': '63', 'obs_events': [], 'pred_events': [63]}
       9. {'obs_seq': '', 'pred_seq': '63', 'obs_events': [], 'pred_events': [63]}
       10. {'obs_seq': '', 'pred_seq': '63', 'obs_events': [], 'pred_events': [63]}
       11. {'obs_seq': '', 'pred_seq': '63', 'obs_events': [], 'pred_events': [63]}
       12. {'obs_seq': '', 'pred_seq': '63', 'obs_events': [], 'pred_events': [63]}
       13. {'obs_seq': '', 'pred_seq': '63', 'obs_events': [], 'pred_events': [63]}
       14. {'obs_seq': '', 'pred_seq': '63', 'obs_events': [], 'pred_events': [63]}
       15. {'obs_seq': '', 'pred_seq': '63', 'obs_events': [], 'pred_events': [63]}
       16. {'obs_seq': '', 'pred_seq': '63', 'obs_events': [], 'pred_events': [63]}
       17. {'obs_seq': '', 'pred_seq': '63', 'obs_events': [], 'pred_events': [63]}
       18. {'obs_seq': '', 'pred_seq': '63', 'obs_events': [], 'pred_events': [63]}
       19. {'obs_seq': '', 'pred_seq': '63', 'obs_events': [], 'pred_events': [63]}
       20. {'obs_seq': '', 'pred_seq': '63', 'obs_events': [], 'pred_events': [63]}
------------------------------------------------------------

▶️  EJECUTANDO CONSULTA #2
    SRC: (86,81) | (86,80,*) | (490,495,*)
    DST: (86,80,*) | (75,112,*) | (!{86} & !{75} & !{112})
    ⏳ Consulta encolada (ID: a8a670b94481). Esperando procesamiento...
    ✅ Estado: DONE
    ✅ Procesado total en 2.48s
    📊 Resultados reales: 26708 filas
    👀 Vista previa (20 filas):
       1. {'obs_seq': '86,81', 'pred_seq': '297,292,297,292', 'obs_events': [86, 81], 'pred_events': [297, 292, 297, 292]}
       2. {'obs_seq': '86,81', 'pred_seq': '', 'obs_events': [86, 81], 'pred_events': []}
       3. {'obs_seq': '86,81', 'pred_seq': '', 'obs_events': [86, 81], 'pred_events': []}
       4. {'obs_seq': '86,81', 'pred_seq': '', 'obs_events': [86, 81], 'pred_events': []}
       5. {'obs_seq': '86,81', 'pred_seq': '', 'obs_events': [86, 81], 'pred_events': []}
       6. {'obs_seq': '86,81', 'pred_seq': '', 'obs_events': [86, 81], 'pred_events': []}
       7. {'obs_seq': '86,81', 'pred_seq': '', 'obs_events': [86, 81], 'pred_events': []}
       8. {'obs_seq': '86,81', 'pred_seq': '', 'obs_events': [86, 81], 'pred_events': []}
       9. {'obs_seq': '86,81', 'pred_seq': '', 'obs_events': [86, 81], 'pred_events': []}
       10. {'obs_seq': '86,81', 'pred_seq': '', 'obs_events': [86, 81], 'pred_events': []}
       11. {'obs_seq': '86,81', 'pred_seq': '', 'obs_events': [86, 81], 'pred_events': []}
       12. {'obs_seq': '86,81', 'pred_seq': '', 'obs_events': [86, 81], 'pred_events': []}
       13. {'obs_seq': '86,81', 'pred_seq': '', 'obs_events': [86, 81], 'pred_events': []}
       14. {'obs_seq': '86,81', 'pred_seq': '', 'obs_events': [86, 81], 'pred_events': []}
       15. {'obs_seq': '86,81', 'pred_seq': '', 'obs_events': [86, 81], 'pred_events': []}
       16. {'obs_seq': '86,81', 'pred_seq': '', 'obs_events': [86, 81], 'pred_events': []}
       17. {'obs_seq': '86,81', 'pred_seq': '', 'obs_events': [86, 81], 'pred_events': []}
       18. {'obs_seq': '86,81', 'pred_seq': '', 'obs_events': [86, 81], 'pred_events': []}
       19. {'obs_seq': '86,81', 'pred_seq': '', 'obs_events': [86, 81], 'pred_events': []}
       20. {'obs_seq': '86,80,75,80,75,81,86,81,87,92,87,92,87,92,86,81,87,297,292,92,86,81,86,81,86,81,87,297,292,297,292,92,87,297,92,292,87,297,92,292,86,80,75,80,75,82,297,91,292,80,75,80,75,80,75,80,75,80,75,80,75,80,75,80,75,80,75,81,86,81,86,81,87,92,87,297,92,292,86,80,75,80,75,80,75,81,87,297,292,92,85,75,81,86,81,86', 'pred_seq': '87,92', 'obs_events': [86, 80, 75, 80, 75, 81, 86, 81, 87, 92, 87, 92, 87, 92, 86, 81, 87, 297, 292, 92, 86, 81, 86, 81, 86, 81, 87, 297, 292, 297, 292, 92, 87, 297, 92, 292, 87, 297, 92, 292, 86, 80, 75, 80, 75, 82, 297, 91, 292, 80, 75, 80, 75, 80, 75, 80, 75, 80, 75, 80, 75, 80, 75, 80, 75, 80, 75, 81, 86, 81, 86, 81, 87, 92, 87, 297, 92, 292, 86, 80, 75, 80, 75, 80, 75, 81, 87, 297, 292, 92, 85, 75, 81, 86, 81, 86], 'pred_events': [87, 92]}
------------------------------------------------------------

▶️  EJECUTANDO CONSULTA #3
    SRC: (!{490} & !{86}) | (490,495,*) | (86,81,*)
    DST: (68) | (!{68} & !{63})
    ⏳ Consulta encolada (ID: dcb1505066ec). Esperando procesamiento...
    ✅ Estado: DONE
    ✅ Procesado total en 1.26s
    📊 Resultados reales: 1351998 filas
    👀 Vista previa (20 filas):
       1. {'obs_seq': '', 'pred_seq': '69,74,69,74,69', 'obs_events': [], 'pred_events': [69, 74, 69, 74, 69]}
       2. {'obs_seq': '', 'pred_seq': '69,74,69,74,69', 'obs_events': [], 'pred_events': [69, 74, 69, 74, 69]}
       3. {'obs_seq': '', 'pred_seq': '69,74,69,74,69', 'obs_events': [], 'pred_events': [69, 74, 69, 74, 69]}
       4. {'obs_seq': '', 'pred_seq': '69,74,69,74,69', 'obs_events': [], 'pred_events': [69, 74, 69, 74, 69]}
       5. {'obs_seq': '', 'pred_seq': '69,74,69,74,69', 'obs_events': [], 'pred_events': [69, 74, 69, 74, 69]}
       6. {'obs_seq': '', 'pred_seq': '69,74,69,74,69', 'obs_events': [], 'pred_events': [69, 74, 69, 74, 69]}
       7. {'obs_seq': '', 'pred_seq': '69,74,69,74,69', 'obs_events': [], 'pred_events': [69, 74, 69, 74, 69]}
       8. {'obs_seq': '', 'pred_seq': '69,74,69,74,69', 'obs_events': [], 'pred_events': [69, 74, 69, 74, 69]}
       9. {'obs_seq': '', 'pred_seq': '69,74,69,74,69', 'obs_events': [], 'pred_events': [69, 74, 69, 74, 69]}
       10. {'obs_seq': '', 'pred_seq': '69,74,69,74,69', 'obs_events': [], 'pred_events': [69, 74, 69, 74, 69]}
       11. {'obs_seq': '', 'pred_seq': '69,74,69,74,69', 'obs_events': [], 'pred_events': [69, 74, 69, 74, 69]}
       12. {'obs_seq': '', 'pred_seq': '69,74,69,74,69', 'obs_events': [], 'pred_events': [69, 74, 69, 74, 69]}
       13. {'obs_seq': '', 'pred_seq': '69,74,69,74,69', 'obs_events': [], 'pred_events': [69, 74, 69, 74, 69]}
       14. {'obs_seq': '', 'pred_seq': '69,74,69,74,69', 'obs_events': [], 'pred_events': [69, 74, 69, 74, 69]}
       15. {'obs_seq': '', 'pred_seq': '69,74,69,74,69', 'obs_events': [], 'pred_events': [69, 74, 69, 74, 69]}
       16. {'obs_seq': '', 'pred_seq': '69,74,69,74,69', 'obs_events': [], 'pred_events': [69, 74, 69, 74, 69]}
       17. {'obs_seq': '', 'pred_seq': '69,74,69,74,69', 'obs_events': [], 'pred_events': [69, 74, 69, 74, 69]}
       18. {'obs_seq': '', 'pred_seq': '69,74,69,74,69', 'obs_events': [], 'pred_events': [69, 74, 69, 74, 69]}
       19. {'obs_seq': '', 'pred_seq': '69,74,69,74,69', 'obs_events': [], 'pred_events': [69, 74, 69, 74, 69]}
       20. {'obs_seq': '', 'pred_seq': '69,74,69,74,69', 'obs_events': [], 'pred_events': [69, 74, 69, 74, 69]}
------------------------------------------------------------

▶️  EJECUTANDO CONSULTA #4
    SRC: (74) | (74,69,*) | (75,80,*)
    DST: (68) | (68,63,*)
    ⏳ Consulta encolada (ID: 828b1e4dd0cc). Esperando procesamiento...
    ✅ Estado: DONE
    ✅ Procesado total en 1.37s
    📊 Resultados reales: 27582 filas
    👀 Vista previa (20 filas):
       1. {'obs_seq': '74', 'pred_seq': '68', 'obs_events': [74], 'pred_events': [68]}
       2. {'obs_seq': '74,69', 'pred_seq': '68', 'obs_events': [74, 69], 'pred_events': [68]}
       3. {'obs_seq': '74,69,74', 'pred_seq': '68', 'obs_events': [74, 69, 74], 'pred_events': [68]}
       4. {'obs_seq': '74,69,74', 'pred_seq': '68', 'obs_events': [74, 69, 74], 'pred_events': [68]}
       5. {'obs_seq': '74,69,74', 'pred_seq': '68', 'obs_events': [74, 69, 74], 'pred_events': [68]}
       6. {'obs_seq': '74,69,74', 'pred_seq': '68', 'obs_events': [74, 69, 74], 'pred_events': [68]}
       7. {'obs_seq': '74,69,74', 'pred_seq': '68', 'obs_events': [74, 69, 74], 'pred_events': [68]}
       8. {'obs_seq': '74,69,74', 'pred_seq': '68', 'obs_events': [74, 69, 74], 'pred_events': [68]}
       9. {'obs_seq': '74,69,74', 'pred_seq': '68', 'obs_events': [74, 69, 74], 'pred_events': [68]}
       10. {'obs_seq': '74,69,74', 'pred_seq': '68', 'obs_events': [74, 69, 74], 'pred_events': [68]}
       11. {'obs_seq': '74,69,74', 'pred_seq': '68', 'obs_events': [74, 69, 74], 'pred_events': [68]}
       12. {'obs_seq': '74,69,74', 'pred_seq': '68', 'obs_events': [74, 69, 74], 'pred_events': [68]}
       13. {'obs_seq': '74,69,74,69', 'pred_seq': '68', 'obs_events': [74, 69, 74, 69], 'pred_events': [68]}
       14. {'obs_seq': '74,69,74,69', 'pred_seq': '68', 'obs_events': [74, 69, 74, 69], 'pred_events': [68]}
       15. {'obs_seq': '74,69,74,69', 'pred_seq': '68', 'obs_events': [74, 69, 74, 69], 'pred_events': [68]}
       16. {'obs_seq': '74,69,74,69', 'pred_seq': '68', 'obs_events': [74, 69, 74, 69], 'pred_events': [68]}
       17. {'obs_seq': '74,69,74,69', 'pred_seq': '68', 'obs_events': [74, 69, 74, 69], 'pred_events': [68]}
       18. {'obs_seq': '74,69,74,69', 'pred_seq': '68', 'obs_events': [74, 69, 74, 69], 'pred_events': [68]}
       19. {'obs_seq': '74,69,74,69', 'pred_seq': '68', 'obs_events': [74, 69, 74, 69], 'pred_events': [68]}
       20. {'obs_seq': '74,69,74,69', 'pred_seq': '68', 'obs_events': [74, 69, 74, 69], 'pred_events': [68]}
------------------------------------------------------------

▶️  EJECUTANDO CONSULTA #5
    SRC: (292,297,*) | (75,80,*) | (!{292} & !{75} & !{80})
    DST: (86,292,*) | (292,297,*) | (87,92,*)
    ⏳ Consulta encolada (ID: 5430f4dc35f5). Esperando procesamiento...
    ✅ Estado: DONE
    ✅ Procesado total en 1.78s
    📊 Resultados reales: 24637 filas
    👀 Vista previa (20 filas):
       1. {'obs_seq': '86,81,86,81,86,81,86,81,86,81,86,81', 'pred_seq': '292,297,292,297,292,297,292,297,292,297,292', 'obs_events': [86, 81, 86, 81, 86, 81, 86, 81, 86, 81, 86, 81], 'pred_events': [292, 297, 292, 297, 292, 297, 292, 297, 292, 297, 292]}
       2. {'obs_seq': '86,81,86,81,86,81,86,81,86,81', 'pred_seq': '292,297,292,297,292,297,292,297,292', 'obs_events': [86, 81, 86, 81, 86, 81, 86, 81, 86, 81], 'pred_events': [292, 297, 292, 297, 292, 297, 292, 297, 292]}
       3. {'obs_seq': '86,81,86,81,86,81,86,81,86,81', 'pred_seq': '292,297,292,297,292,297,292', 'obs_events': [86, 81, 86, 81, 86, 81, 86, 81, 86, 81], 'pred_events': [292, 297, 292, 297, 292, 297, 292]}
       4. {'obs_seq': '86,81,86,81,86,81,86,81,86,81', 'pred_seq': '292,297,292,297,292', 'obs_events': [86, 81, 86, 81, 86, 81, 86, 81, 86, 81], 'pred_events': [292, 297, 292, 297, 292]}
       5. {'obs_seq': '86,81,86,81,86,81,86,81,86,81', 'pred_seq': '292,297,292', 'obs_events': [86, 81, 86, 81, 86, 81, 86, 81, 86, 81], 'pred_events': [292, 297, 292]}
       6. {'obs_seq': '', 'pred_seq': '87,92', 'obs_events': [], 'pred_events': [87, 92]}
       7. {'obs_seq': '', 'pred_seq': '87,92,87', 'obs_events': [], 'pred_events': [87, 92, 87]}
       8. {'obs_seq': '', 'pred_seq': '87,92,87', 'obs_events': [], 'pred_events': [87, 92, 87]}
       9. {'obs_seq': '', 'pred_seq': '87,92,87', 'obs_events': [], 'pred_events': [87, 92, 87]}
       10. {'obs_seq': '', 'pred_seq': '87,92,87', 'obs_events': [], 'pred_events': [87, 92, 87]}
       11. {'obs_seq': '', 'pred_seq': '87,92,87', 'obs_events': [], 'pred_events': [87, 92, 87]}
       12. {'obs_seq': '', 'pred_seq': '87,92,87', 'obs_events': [], 'pred_events': [87, 92, 87]}
       13. {'obs_seq': '', 'pred_seq': '87,92,87', 'obs_events': [], 'pred_events': [87, 92, 87]}
       14. {'obs_seq': '', 'pred_seq': '87,92,87', 'obs_events': [], 'pred_events': [87, 92, 87]}
       15. {'obs_seq': '', 'pred_seq': '87,92,87', 'obs_events': [], 'pred_events': [87, 92, 87]}
       16. {'obs_seq': '', 'pred_seq': '87,92,87', 'obs_events': [], 'pred_events': [87, 92, 87]}
       17. {'obs_seq': '', 'pred_seq': '87,92,87', 'obs_events': [], 'pred_events': [87, 92, 87]}
       18. {'obs_seq': '', 'pred_seq': '87,92,87', 'obs_events': [], 'pred_events': [87, 92, 87]}
       19. {'obs_seq': '', 'pred_seq': '87,92,87', 'obs_events': [], 'pred_events': [87, 92, 87]}
       20. {'obs_seq': '', 'pred_seq': '87,92,87', 'obs_events': [], 'pred_events': [87, 92, 87]}
------------------------------------------------------------

▶️  EJECUTANDO CONSULTA #6
    SRC: (297,292,297,292,297,292,297,292,297,292,297,292) | (490,495,490,495,490,495,490,495,490,495,490,495,*) | (!{297} & !{490} & !{495})
    DST: (297,292,297,292,297,292,297,292,297,292,297,292,297,292,*) | (87,92,87,92,87,92,87,92,87,92,87,92,87,92,87,92) | (!{297} & !{87} & !{92})
    ⏳ Consulta encolada (ID: 58a456f136c0). Esperando procesamiento...
    ✅ Estado: DONE
    ✅ Procesado total en 1.29s
    📊 Resultados reales: 1435181 filas
    👀 Vista previa (20 filas):
       1. {'obs_seq': '', 'pred_seq': '63', 'obs_events': [], 'pred_events': [63]}
       2. {'obs_seq': '', 'pred_seq': '63', 'obs_events': [], 'pred_events': [63]}
       3. {'obs_seq': '', 'pred_seq': '63', 'obs_events': [], 'pred_events': [63]}
       4. {'obs_seq': '', 'pred_seq': '63', 'obs_events': [], 'pred_events': [63]}
       5. {'obs_seq': '', 'pred_seq': '63', 'obs_events': [], 'pred_events': [63]}
       6. {'obs_seq': '', 'pred_seq': '63', 'obs_events': [], 'pred_events': [63]}
       7. {'obs_seq': '', 'pred_seq': '63', 'obs_events': [], 'pred_events': [63]}
       8. {'obs_seq': '', 'pred_seq': '63', 'obs_events': [], 'pred_events': [63]}
       9. {'obs_seq': '', 'pred_seq': '63', 'obs_events': [], 'pred_events': [63]}
       10. {'obs_seq': '', 'pred_seq': '63', 'obs_events': [], 'pred_events': [63]}
       11. {'obs_seq': '', 'pred_seq': '63', 'obs_events': [], 'pred_events': [63]}
       12. {'obs_seq': '', 'pred_seq': '63', 'obs_events': [], 'pred_events': [63]}
       13. {'obs_seq': '', 'pred_seq': '63', 'obs_events': [], 'pred_events': [63]}
       14. {'obs_seq': '', 'pred_seq': '63', 'obs_events': [], 'pred_events': [63]}
       15. {'obs_seq': '', 'pred_seq': '63', 'obs_events': [], 'pred_events': [63]}
       16. {'obs_seq': '', 'pred_seq': '63', 'obs_events': [], 'pred_events': [63]}
       17. {'obs_seq': '', 'pred_seq': '63', 'obs_events': [], 'pred_events': [63]}
       18. {'obs_seq': '', 'pred_seq': '63', 'obs_events': [], 'pred_events': [63]}
       19. {'obs_seq': '', 'pred_seq': '63', 'obs_events': [], 'pred_events': [63]}
       20. {'obs_seq': '', 'pred_seq': '63', 'obs_events': [], 'pred_events': [63]}
------------------------------------------------------------

▶️  EJECUTANDO CONSULTA #7
    SRC: (86,81) | (490,495,490,495,490,495,*) | (86,80,112,75,117,80,286,291,112,117,75,81,*)
    DST: (86,80,75,81,86,81,86,81,86,81) | (!{86} & !{75} & !{80} & !{112}) | (75,112,117,112,117,112,117,112,117,80,75,80,74,*)
    ⏳ Consulta encolada (ID: cc689e8dcdbc). Esperando procesamiento...
    ✅ Estado: DONE
    ✅ Procesado total en 1.49s
    📊 Resultados reales: 18065 filas
    👀 Vista previa (20 filas):
       1. {'obs_seq': '86,81', 'pred_seq': '297,292,297,292', 'obs_events': [86, 81], 'pred_events': [297, 292, 297, 292]}
       2. {'obs_seq': '86,81', 'pred_seq': '', 'obs_events': [86, 81], 'pred_events': []}
       3. {'obs_seq': '86,81', 'pred_seq': '', 'obs_events': [86, 81], 'pred_events': []}
       4. {'obs_seq': '86,81', 'pred_seq': '', 'obs_events': [86, 81], 'pred_events': []}
       5. {'obs_seq': '86,81', 'pred_seq': '', 'obs_events': [86, 81], 'pred_events': []}
       6. {'obs_seq': '86,81', 'pred_seq': '', 'obs_events': [86, 81], 'pred_events': []}
       7. {'obs_seq': '86,81', 'pred_seq': '', 'obs_events': [86, 81], 'pred_events': []}
       8. {'obs_seq': '86,81', 'pred_seq': '', 'obs_events': [86, 81], 'pred_events': []}
       9. {'obs_seq': '86,81', 'pred_seq': '', 'obs_events': [86, 81], 'pred_events': []}
       10. {'obs_seq': '86,81', 'pred_seq': '', 'obs_events': [86, 81], 'pred_events': []}
       11. {'obs_seq': '86,81', 'pred_seq': '', 'obs_events': [86, 81], 'pred_events': []}
       12. {'obs_seq': '86,81', 'pred_seq': '', 'obs_events': [86, 81], 'pred_events': []}
       13. {'obs_seq': '86,81', 'pred_seq': '', 'obs_events': [86, 81], 'pred_events': []}
       14. {'obs_seq': '86,81', 'pred_seq': '', 'obs_events': [86, 81], 'pred_events': []}
       15. {'obs_seq': '86,81', 'pred_seq': '', 'obs_events': [86, 81], 'pred_events': []}
       16. {'obs_seq': '86,81', 'pred_seq': '', 'obs_events': [86, 81], 'pred_events': []}
       17. {'obs_seq': '86,81', 'pred_seq': '', 'obs_events': [86, 81], 'pred_events': []}
       18. {'obs_seq': '86,81', 'pred_seq': '', 'obs_events': [86, 81], 'pred_events': []}
       19. {'obs_seq': '86,81', 'pred_seq': '', 'obs_events': [86, 81], 'pred_events': []}
       20. {'obs_seq': '86,81', 'pred_seq': '', 'obs_events': [86, 81], 'pred_events': []}
------------------------------------------------------------

▶️  EJECUTANDO CONSULTA #8
    SRC: (!{490} & !{86}) | (490,495,490,495,490,495,*) | (86,81,86,81,86,81)
    DST: (68) | (!{68} & !{490} & !{86})
    ⏳ Consulta encolada (ID: 99d6264f6c92). Esperando procesamiento...
    ✅ Estado: DONE
    ✅ Procesado total en 2.50s
    📊 Resultados reales: 1149091 filas
    👀 Vista previa (20 filas):
       1. {'obs_seq': '', 'pred_seq': '63', 'obs_events': [], 'pred_events': [63]}
       2. {'obs_seq': '', 'pred_seq': '63', 'obs_events': [], 'pred_events': [63]}
       3. {'obs_seq': '', 'pred_seq': '63', 'obs_events': [], 'pred_events': [63]}
       4. {'obs_seq': '', 'pred_seq': '63', 'obs_events': [], 'pred_events': [63]}
       5. {'obs_seq': '', 'pred_seq': '63', 'obs_events': [], 'pred_events': [63]}
       6. {'obs_seq': '', 'pred_seq': '63', 'obs_events': [], 'pred_events': [63]}
       7. {'obs_seq': '', 'pred_seq': '63', 'obs_events': [], 'pred_events': [63]}
       8. {'obs_seq': '', 'pred_seq': '63', 'obs_events': [], 'pred_events': [63]}
       9. {'obs_seq': '', 'pred_seq': '63', 'obs_events': [], 'pred_events': [63]}
       10. {'obs_seq': '', 'pred_seq': '63', 'obs_events': [], 'pred_events': [63]}
       11. {'obs_seq': '', 'pred_seq': '63', 'obs_events': [], 'pred_events': [63]}
       12. {'obs_seq': '', 'pred_seq': '63', 'obs_events': [], 'pred_events': [63]}
       13. {'obs_seq': '', 'pred_seq': '63', 'obs_events': [], 'pred_events': [63]}
       14. {'obs_seq': '', 'pred_seq': '63', 'obs_events': [], 'pred_events': [63]}
       15. {'obs_seq': '', 'pred_seq': '63', 'obs_events': [], 'pred_events': [63]}
       16. {'obs_seq': '', 'pred_seq': '63', 'obs_events': [], 'pred_events': [63]}
       17. {'obs_seq': '', 'pred_seq': '63', 'obs_events': [], 'pred_events': [63]}
       18. {'obs_seq': '', 'pred_seq': '63', 'obs_events': [], 'pred_events': [63]}
       19. {'obs_seq': '', 'pred_seq': '63', 'obs_events': [], 'pred_events': [63]}
       20. {'obs_seq': '', 'pred_seq': '63', 'obs_events': [], 'pred_events': [63]}
------------------------------------------------------------

▶️  EJECUTANDO CONSULTA #9
    SRC: (74) | (74,69,74,69,74,69,74,69,74) | (75,80,75,80,74,69,74,69,74,69,74,69,74)
    DST: (68) | (68,63,68,63,68) | (68,63,68,63,68,63,68,63,68)
    ⏳ Consulta encolada (ID: c6f9e8c3d711). Esperando procesamiento...
    ✅ Estado: DONE
    ✅ Procesado total en 1.94s
    📊 Resultados reales: 5168 filas
    👀 Vista previa (20 filas):
       1. {'obs_seq': '74', 'pred_seq': '68', 'obs_events': [74], 'pred_events': [68]}
       2. {'obs_seq': '74', 'pred_seq': '68', 'obs_events': [74], 'pred_events': [68]}
       3. {'obs_seq': '74', 'pred_seq': '68', 'obs_events': [74], 'pred_events': [68]}
       4. {'obs_seq': '74', 'pred_seq': '68', 'obs_events': [74], 'pred_events': [68]}
       5. {'obs_seq': '74', 'pred_seq': '68', 'obs_events': [74], 'pred_events': [68]}
       6. {'obs_seq': '74', 'pred_seq': '68', 'obs_events': [74], 'pred_events': [68]}
       7. {'obs_seq': '74', 'pred_seq': '68', 'obs_events': [74], 'pred_events': [68]}
       8. {'obs_seq': '74', 'pred_seq': '68', 'obs_events': [74], 'pred_events': [68]}
       9. {'obs_seq': '74', 'pred_seq': '68', 'obs_events': [74], 'pred_events': [68]}
       10. {'obs_seq': '74', 'pred_seq': '68', 'obs_events': [74], 'pred_events': [68]}
       11. {'obs_seq': '74', 'pred_seq': '68', 'obs_events': [74], 'pred_events': [68]}
       12. {'obs_seq': '74', 'pred_seq': '68', 'obs_events': [74], 'pred_events': [68]}
       13. {'obs_seq': '74', 'pred_seq': '68', 'obs_events': [74], 'pred_events': [68]}
       14. {'obs_seq': '74', 'pred_seq': '68', 'obs_events': [74], 'pred_events': [68]}
       15. {'obs_seq': '74', 'pred_seq': '68', 'obs_events': [74], 'pred_events': [68]}
       16. {'obs_seq': '74', 'pred_seq': '68', 'obs_events': [74], 'pred_events': [68]}
       17. {'obs_seq': '74', 'pred_seq': '68', 'obs_events': [74], 'pred_events': [68]}
       18. {'obs_seq': '74', 'pred_seq': '68', 'obs_events': [74], 'pred_events': [68]}
       19. {'obs_seq': '74', 'pred_seq': '68', 'obs_events': [74], 'pred_events': [68]}
       20. {'obs_seq': '74', 'pred_seq': '68', 'obs_events': [74], 'pred_events': [68]}
------------------------------------------------------------

▶️  EJECUTANDO CONSULTA #10
    SRC: (292,297,292,297,292,297,*) | (75,80,75,81,85,76,87,91,80,75,81,86,*) | (!{292} & !{75} & !{80})
    DST: (86,292,81,297,292,297,292,297,*) | (292,297,292,92,86,80,75,80,75,81,86,*) | (87,92,87,92,87,92,87,92,87,92,87,92,87,92,*)
    ⏳ Consulta encolada (ID: 12d10faed144). Esperando procesamiento...
    ✅ Estado: DONE
    ✅ Procesado total en 1.76s
    📊 Resultados reales: 631 filas
    👀 Vista previa (20 filas):
       1. {'obs_seq': '', 'pred_seq': '87,92,87,92,87,92,87,92,87,92,87,92,87,92', 'obs_events': [], 'pred_events': [87, 92, 87, 92, 87, 92, 87, 92, 87, 92, 87, 92, 87, 92]}
       2. {'obs_seq': '87,92,87', 'pred_seq': '87,92,87,92,87,92,87,92,87,92,87,92,87,92,87,92,87,92,87,92,87', 'obs_events': [87, 92, 87], 'pred_events': [87, 92, 87, 92, 87, 92, 87, 92, 87, 92, 87, 92, 87, 92, 87, 92, 87, 92, 87, 92, 87]}
       3. {'obs_seq': '87,92,87', 'pred_seq': '87,92,87,92,87,92,87,92,87,92,87,92,87,92,87,92,87,92,87,92,87', 'obs_events': [87, 92, 87], 'pred_events': [87, 92, 87, 92, 87, 92, 87, 92, 87, 92, 87, 92, 87, 92, 87, 92, 87, 92, 87, 92, 87]}
       4. {'obs_seq': '87,92,87', 'pred_seq': '87,92,87,92,87,92,87,92,87,92,87,92,87,92,87,92,87,92,87', 'obs_events': [87, 92, 87], 'pred_events': [87, 92, 87, 92, 87, 92, 87, 92, 87, 92, 87, 92, 87, 92, 87, 92, 87, 92, 87]}
       5. {'obs_seq': '87,92,87', 'pred_seq': '87,92,87,92,87,92,87,92,87,92,87,92,87,92,87,92,87,92,87', 'obs_events': [87, 92, 87], 'pred_events': [87, 92, 87, 92, 87, 92, 87, 92, 87, 92, 87, 92, 87, 92, 87, 92, 87, 92, 87]}
       6. {'obs_seq': '87,92,87', 'pred_seq': '87,92,87,92,87,92,87,92,87,92,87,92,87,92,87,92,87,92,87', 'obs_events': [87, 92, 87], 'pred_events': [87, 92, 87, 92, 87, 92, 87, 92, 87, 92, 87, 92, 87, 92, 87, 92, 87, 92, 87]}
       7. {'obs_seq': '87,92,87', 'pred_seq': '87,92,87,92,87,92,87,92,87,92,87,92,87,92,87,92,87,92,87', 'obs_events': [87, 92, 87], 'pred_events': [87, 92, 87, 92, 87, 92, 87, 92, 87, 92, 87, 92, 87, 92, 87, 92, 87, 92, 87]}
       8. {'obs_seq': '87,92,87', 'pred_seq': '87,92,87,92,87,92,87,92,87,92,87,92,87,92,87,92,87,92,87', 'obs_events': [87, 92, 87], 'pred_events': [87, 92, 87, 92, 87, 92, 87, 92, 87, 92, 87, 92, 87, 92, 87, 92, 87, 92, 87]}
       9. {'obs_seq': '87,92,87', 'pred_seq': '87,92,87,92,87,92,87,92,87,92,87,92,87,92,87,92,87,92,87', 'obs_events': [87, 92, 87], 'pred_events': [87, 92, 87, 92, 87, 92, 87, 92, 87, 92, 87, 92, 87, 92, 87, 92, 87, 92, 87]}
       10. {'obs_seq': '87,92,87', 'pred_seq': '87,92,87,92,87,92,87,92,87,92,87,92,87,92,87,92,87,92,87', 'obs_events': [87, 92, 87], 'pred_events': [87, 92, 87, 92, 87, 92, 87, 92, 87, 92, 87, 92, 87, 92, 87, 92, 87, 92, 87]}
       11. {'obs_seq': '87,92,87', 'pred_seq': '87,92,87,92,87,92,87,92,87,92,87,92,87,92,87,92,87,92,87', 'obs_events': [87, 92, 87], 'pred_events': [87, 92, 87, 92, 87, 92, 87, 92, 87, 92, 87, 92, 87, 92, 87, 92, 87, 92, 87]}
       12. {'obs_seq': '87,92,87', 'pred_seq': '87,92,87,92,87,92,87,92,87,92,87,92,87,92,87,92,87,92,87', 'obs_events': [87, 92, 87], 'pred_events': [87, 92, 87, 92, 87, 92, 87, 92, 87, 92, 87, 92, 87, 92, 87, 92, 87, 92, 87]}
       13. {'obs_seq': '87,92,87', 'pred_seq': '87,92,87,92,87,92,87,92,87,92,87,92,87,92,87,92,87,92,87', 'obs_events': [87, 92, 87], 'pred_events': [87, 92, 87, 92, 87, 92, 87, 92, 87, 92, 87, 92, 87, 92, 87, 92, 87, 92, 87]}
       14. {'obs_seq': '87,92,87', 'pred_seq': '87,92,87,92,87,92,87,92,87,92,87,92,87,92,87,92,87,92,87', 'obs_events': [87, 92, 87], 'pred_events': [87, 92, 87, 92, 87, 92, 87, 92, 87, 92, 87, 92, 87, 92, 87, 92, 87, 92, 87]}
       15. {'obs_seq': '87,92,87', 'pred_seq': '87,92,87,92,87,92,87,92,87,92,87,92,87,92,87,92,87,92,87', 'obs_events': [87, 92, 87], 'pred_events': [87, 92, 87, 92, 87, 92, 87, 92, 87, 92, 87, 92, 87, 92, 87, 92, 87, 92, 87]}
       16. {'obs_seq': '87,92,87', 'pred_seq': '87,92,87,92,87,92,87,92,87,92,87,92,87,92,87,92,87,92,87', 'obs_events': [87, 92, 87], 'pred_events': [87, 92, 87, 92, 87, 92, 87, 92, 87, 92, 87, 92, 87, 92, 87, 92, 87, 92, 87]}
       17. {'obs_seq': '87,92,87', 'pred_seq': '87,92,87,92,87,92,87,92,87,92,87,92,87,92,87,92,87,92,87', 'obs_events': [87, 92, 87], 'pred_events': [87, 92, 87, 92, 87, 92, 87, 92, 87, 92, 87, 92, 87, 92, 87, 92, 87, 92, 87]}
       18. {'obs_seq': '87,92,87', 'pred_seq': '87,92,87,92,87,92,87,92,87,92,87,92,87,92,87,92,87,92,87', 'obs_events': [87, 92, 87], 'pred_events': [87, 92, 87, 92, 87, 92, 87, 92, 87, 92, 87, 92, 87, 92, 87, 92, 87, 92, 87]}
       19. {'obs_seq': '87,92,87', 'pred_seq': '87,92,87,92,87,92,87,92,87,92,87,92,87,92,87,92,87,92,87', 'obs_events': [87, 92, 87], 'pred_events': [87, 92, 87, 92, 87, 92, 87, 92, 87, 92, 87, 92, 87, 92, 87, 92, 87, 92, 87]}
       20. {'obs_seq': '87,92,87', 'pred_seq': '87,92,87,92,87,92,87,92,87,92,87,92,87,92,87,92,87,92,87', 'obs_events': [87, 92, 87], 'pred_events': [87, 92, 87, 92, 87, 92, 87, 92, 87, 92, 87, 92, 87, 92, 87, 92, 87, 92, 87]}
------------------------------------------------------------

▶️  EJECUTANDO CONSULTA #11
    SRC: (297,292,297,292,297,292,297,292,297,292,297,292) | !(?,*) | (490,495,490,495,490,495,490,495,490,495,490,495,490,495,490,495,490,495,490,495,490,495,490,495,490,495,490,495)
    DST: (297,292,297,292,297,292,297,292,297,292,297,292,297,292,297,292,297,292,297,292,297,292,297,292,297,292) | (87,92,87,92,87,92,87,92,87,92,87,92,87,92,87,92) | !(?,*)
    ⏳ Consulta encolada (ID: db25f8fbaa22). Esperando procesamiento...
    ✅ Estado: DONE
    ✅ Procesado total en 14.76s
    📊 Resultados reales: 417 filas
    👀 Vista previa (20 filas):
       1. {'obs_seq': '297,292,297,292,297,292,297,292,297,292,297,292', 'pred_seq': '297,292,297,292,297,292,297,292,297,292,297,292,297,292,297,292,297,292,297,292,297,292,297,292,297,292', 'obs_events': [297, 292, 297, 292, 297, 292, 297, 292, 297, 292, 297, 292], 'pred_events': [297, 292, 297, 292, 297, 292, 297, 292, 297, 292, 297, 292, 297, 292, 297, 292, 297, 292, 297, 292, 297, 292, 297, 292, 297, 292]}
       2. {'obs_seq': '297,292,297,292,297,292,297,292,297,292,297,292', 'pred_seq': '297,292,297,292,297,292,297,292,297,292,297,292,297,292,297,292,297,292,297,292,297,292,297,292,297,292', 'obs_events': [297, 292, 297, 292, 297, 292, 297, 292, 297, 292, 297, 292], 'pred_events': [297, 292, 297, 292, 297, 292, 297, 292, 297, 292, 297, 292, 297, 292, 297, 292, 297, 292, 297, 292, 297, 292, 297, 292, 297, 292]}
       3. {'obs_seq': '297,292,297,292,297,292,297,292,297,292,297,292', 'pred_seq': '297,292,297,292,297,292,297,292,297,292,297,292,297,292,297,292,297,292,297,292,297,292,297,292,297,292', 'obs_events': [297, 292, 297, 292, 297, 292, 297, 292, 297, 292, 297, 292], 'pred_events': [297, 292, 297, 292, 297, 292, 297, 292, 297, 292, 297, 292, 297, 292, 297, 292, 297, 292, 297, 292, 297, 292, 297, 292, 297, 292]}
       4. {'obs_seq': '297,292,297,292,297,292,297,292,297,292,297,292', 'pred_seq': '297,292,297,292,297,292,297,292,297,292,297,292,297,292,297,292,297,292,297,292,297,292,297,292,297,292', 'obs_events': [297, 292, 297, 292, 297, 292, 297, 292, 297, 292, 297, 292], 'pred_events': [297, 292, 297, 292, 297, 292, 297, 292, 297, 292, 297, 292, 297, 292, 297, 292, 297, 292, 297, 292, 297, 292, 297, 292, 297, 292]}
       5. {'obs_seq': '297,292,297,292,297,292,297,292,297,292,297,292', 'pred_seq': '297,292,297,292,297,292,297,292,297,292,297,292,297,292,297,292,297,292,297,292,297,292,297,292,297,292', 'obs_events': [297, 292, 297, 292, 297, 292, 297, 292, 297, 292, 297, 292], 'pred_events': [297, 292, 297, 292, 297, 292, 297, 292, 297, 292, 297, 292, 297, 292, 297, 292, 297, 292, 297, 292, 297, 292, 297, 292, 297, 292]}
       6. {'obs_seq': '297,292,297,292,297,292,297,292,297,292,297,292', 'pred_seq': '297,292,297,292,297,292,297,292,297,292,297,292,297,292,297,292,297,292,297,292,297,292,297,292,297,292', 'obs_events': [297, 292, 297, 292, 297, 292, 297, 292, 297, 292, 297, 292], 'pred_events': [297, 292, 297, 292, 297, 292, 297, 292, 297, 292, 297, 292, 297, 292, 297, 292, 297, 292, 297, 292, 297, 292, 297, 292, 297, 292]}
       7. {'obs_seq': '297,292,297,292,297,292,297,292,297,292,297,292', 'pred_seq': '297,292,297,292,297,292,297,292,297,292,297,292,297,292,297,292,297,292,297,292,297,292,297,292,297,292', 'obs_events': [297, 292, 297, 292, 297, 292, 297, 292, 297, 292, 297, 292], 'pred_events': [297, 292, 297, 292, 297, 292, 297, 292, 297, 292, 297, 292, 297, 292, 297, 292, 297, 292, 297, 292, 297, 292, 297, 292, 297, 292]}
       8. {'obs_seq': '297,292,297,292,297,292,297,292,297,292,297,292', 'pred_seq': '297,292,297,292,297,292,297,292,297,292,297,292,297,292,297,292,297,292,297,292,297,292,297,292,297,292', 'obs_events': [297, 292, 297, 292, 297, 292, 297, 292, 297, 292, 297, 292], 'pred_events': [297, 292, 297, 292, 297, 292, 297, 292, 297, 292, 297, 292, 297, 292, 297, 292, 297, 292, 297, 292, 297, 292, 297, 292, 297, 292]}
       9. {'obs_seq': '297,292,297,292,297,292,297,292,297,292,297,292', 'pred_seq': '297,292,297,292,297,292,297,292,297,292,297,292,297,292,297,292,297,292,297,292,297,292,297,292,297,292', 'obs_events': [297, 292, 297, 292, 297, 292, 297, 292, 297, 292, 297, 292], 'pred_events': [297, 292, 297, 292, 297, 292, 297, 292, 297, 292, 297, 292, 297, 292, 297, 292, 297, 292, 297, 292, 297, 292, 297, 292, 297, 292]}
       10. {'obs_seq': '297,292,297,292,297,292,297,292,297,292,297,292', 'pred_seq': '297,292,297,292,297,292,297,292,297,292,297,292,297,292,297,292,297,292,297,292,297,292,297,292,297,292', 'obs_events': [297, 292, 297, 292, 297, 292, 297, 292, 297, 292, 297, 292], 'pred_events': [297, 292, 297, 292, 297, 292, 297, 292, 297, 292, 297, 292, 297, 292, 297, 292, 297, 292, 297, 292, 297, 292, 297, 292, 297, 292]}
       11. {'obs_seq': '297,292,297,292,297,292,297,292,297,292,297,292', 'pred_seq': '297,292,297,292,297,292,297,292,297,292,297,292,297,292,297,292,297,292,297,292,297,292,297,292,297,292', 'obs_events': [297, 292, 297, 292, 297, 292, 297, 292, 297, 292, 297, 292], 'pred_events': [297, 292, 297, 292, 297, 292, 297, 292, 297, 292, 297, 292, 297, 292, 297, 292, 297, 292, 297, 292, 297, 292, 297, 292, 297, 292]}
       12. {'obs_seq': '297,292,297,292,297,292,297,292,297,292,297,292', 'pred_seq': '297,292,297,292,297,292,297,292,297,292,297,292,297,292,297,292,297,292,297,292,297,292,297,292,297,292', 'obs_events': [297, 292, 297, 292, 297, 292, 297, 292, 297, 292, 297, 292], 'pred_events': [297, 292, 297, 292, 297, 292, 297, 292, 297, 292, 297, 292, 297, 292, 297, 292, 297, 292, 297, 292, 297, 292, 297, 292, 297, 292]}
       13. {'obs_seq': '297,292,297,292,297,292,297,292,297,292,297,292', 'pred_seq': '297,292,297,292,297,292,297,292,297,292,297,292,297,292,297,292,297,292,297,292,297,292,297,292,297,292', 'obs_events': [297, 292, 297, 292, 297, 292, 297, 292, 297, 292, 297, 292], 'pred_events': [297, 292, 297, 292, 297, 292, 297, 292, 297, 292, 297, 292, 297, 292, 297, 292, 297, 292, 297, 292, 297, 292, 297, 292, 297, 292]}
       14. {'obs_seq': '297,292,297,292,297,292,297,292,297,292,297,292', 'pred_seq': '297,292,297,292,297,292,297,292,297,292,297,292,297,292,297,292,297,292,297,292,297,292,297,292,297,292', 'obs_events': [297, 292, 297, 292, 297, 292, 297, 292, 297, 292, 297, 292], 'pred_events': [297, 292, 297, 292, 297, 292, 297, 292, 297, 292, 297, 292, 297, 292, 297, 292, 297, 292, 297, 292, 297, 292, 297, 292, 297, 292]}
       15. {'obs_seq': '297,292,297,292,297,292,297,292,297,292,297,292', 'pred_seq': '297,292,297,292,297,292,297,292,297,292,297,292,297,292,297,292,297,292,297,292,297,292,297,292,297,292', 'obs_events': [297, 292, 297, 292, 297, 292, 297, 292, 297, 292, 297, 292], 'pred_events': [297, 292, 297, 292, 297, 292, 297, 292, 297, 292, 297, 292, 297, 292, 297, 292, 297, 292, 297, 292, 297, 292, 297, 292, 297, 292]}
       16. {'obs_seq': '297,292,297,292,297,292,297,292,297,292,297,292', 'pred_seq': '297,292,297,292,297,292,297,292,297,292,297,292,297,292,297,292,297,292,297,292,297,292,297,292,297,292', 'obs_events': [297, 292, 297, 292, 297, 292, 297, 292, 297, 292, 297, 292], 'pred_events': [297, 292, 297, 292, 297, 292, 297, 292, 297, 292, 297, 292, 297, 292, 297, 292, 297, 292, 297, 292, 297, 292, 297, 292, 297, 292]}
       17. {'obs_seq': '297,292,297,292,297,292,297,292,297,292,297,292', 'pred_seq': '297,292,297,292,297,292,297,292,297,292,297,292,297,292,297,292,297,292,297,292,297,292,297,292,297,292', 'obs_events': [297, 292, 297, 292, 297, 292, 297, 292, 297, 292, 297, 292], 'pred_events': [297, 292, 297, 292, 297, 292, 297, 292, 297, 292, 297, 292, 297, 292, 297, 292, 297, 292, 297, 292, 297, 292, 297, 292, 297, 292]}
       18. {'obs_seq': '297,292,297,292,297,292,297,292,297,292,297,292', 'pred_seq': '297,292,297,292,297,292,297,292,297,292,297,292,297,292,297,292,297,292,297,292,297,292,297,292,297,292', 'obs_events': [297, 292, 297, 292, 297, 292, 297, 292, 297, 292, 297, 292], 'pred_events': [297, 292, 297, 292, 297, 292, 297, 292, 297, 292, 297, 292, 297, 292, 297, 292, 297, 292, 297, 292, 297, 292, 297, 292, 297, 292]}
       19. {'obs_seq': '297,292,297,292,297,292,297,292,297,292,297,292', 'pred_seq': '297,292,297,292,297,292,297,292,297,292,297,292,297,292,297,292,297,292,297,292,297,292,297,292,297,292', 'obs_events': [297, 292, 297, 292, 297, 292, 297, 292, 297, 292, 297, 292], 'pred_events': [297, 292, 297, 292, 297, 292, 297, 292, 297, 292, 297, 292, 297, 292, 297, 292, 297, 292, 297, 292, 297, 292, 297, 292, 297, 292]}
       20. {'obs_seq': '297,292,297,292,297,292,297,292,297,292,297,292', 'pred_seq': '297,292,297,292,297,292,297,292,297,292,297,292,297,292,297,292,297,292,297,292,297,292,297,292,297,292', 'obs_events': [297, 292, 297, 292, 297, 292, 297, 292, 297, 292, 297, 292], 'pred_events': [297, 292, 297, 292, 297, 292, 297, 292, 297, 292, 297, 292, 297, 292, 297, 292, 297, 292, 297, 292, 297, 292, 297, 292, 297, 292]}
------------------------------------------------------------

▶️  EJECUTANDO CONSULTA #12
    SRC: (86,81) | (490,495,490,495,490,495,490,495,490,495,490,495,490,495,490,495,490,495,490,495,490,495,490,495,490,495,490,495) | (86,80,112,75,117,80,286,291,112,117,75,81,86,80,75,81,112,87,117,92,85,112,117,112,117,75,81,86,112,117,80,112,117,75,80,75,81,86,80,75,80,75,81,86,148,81,143,86,112,117,80,112,117,112,75,117,80,286,291,112,117,75,112,117,112,117,112,117,80,286,291,112,117,75,148,143,80,148,143,75,112,80,117,112,117,75,81,86,80,75,81,86,81,86,80,112,117,148,143)
    DST: (86,80,75,81,86,81,86,81,86,81) | !(?,*) | (75,112,117,112,117,112,117,112,117,80,75,80,74,148,286,143,291,112,117,286,291,286,291,112,117,148,69,143,75,80,74,112,69,117,74,286,69,291,286,291,74,69,74,112,117,69,286,291,286,291,74,69,148,143,148,143,112,74,117,69,74,112,117,69)
    ⏳ Consulta encolada (ID: 2ab873f8b3fd). Esperando procesamiento...
    ✅ Estado: DONE
    ✅ Procesado total en 12.23s
    📊 Resultados reales: 2417 filas
    👀 Vista previa (20 filas):
       1. {'obs_seq': '86,81', 'pred_seq': '', 'obs_events': [86, 81], 'pred_events': []}
       2. {'obs_seq': '86,81', 'pred_seq': '', 'obs_events': [86, 81], 'pred_events': []}
       3. {'obs_seq': '86,81', 'pred_seq': '', 'obs_events': [86, 81], 'pred_events': []}
       4. {'obs_seq': '86,81', 'pred_seq': '', 'obs_events': [86, 81], 'pred_events': []}
       5. {'obs_seq': '86,81', 'pred_seq': '', 'obs_events': [86, 81], 'pred_events': []}
       6. {'obs_seq': '86,81', 'pred_seq': '', 'obs_events': [86, 81], 'pred_events': []}
       7. {'obs_seq': '86,81', 'pred_seq': '', 'obs_events': [86, 81], 'pred_events': []}
       8. {'obs_seq': '86,81', 'pred_seq': '', 'obs_events': [86, 81], 'pred_events': []}
       9. {'obs_seq': '86,81', 'pred_seq': '', 'obs_events': [86, 81], 'pred_events': []}
       10. {'obs_seq': '86,81', 'pred_seq': '', 'obs_events': [86, 81], 'pred_events': []}
       11. {'obs_seq': '86,81', 'pred_seq': '', 'obs_events': [86, 81], 'pred_events': []}
       12. {'obs_seq': '86,81', 'pred_seq': '', 'obs_events': [86, 81], 'pred_events': []}
       13. {'obs_seq': '86,81', 'pred_seq': '', 'obs_events': [86, 81], 'pred_events': []}
       14. {'obs_seq': '86,81', 'pred_seq': '', 'obs_events': [86, 81], 'pred_events': []}
       15. {'obs_seq': '86,81', 'pred_seq': '', 'obs_events': [86, 81], 'pred_events': []}
       16. {'obs_seq': '86,81', 'pred_seq': '', 'obs_events': [86, 81], 'pred_events': []}
       17. {'obs_seq': '86,81', 'pred_seq': '', 'obs_events': [86, 81], 'pred_events': []}
       18. {'obs_seq': '86,81', 'pred_seq': '', 'obs_events': [86, 81], 'pred_events': []}
       19. {'obs_seq': '86,81', 'pred_seq': '', 'obs_events': [86, 81], 'pred_events': []}
       20. {'obs_seq': '86,81', 'pred_seq': '', 'obs_events': [86, 81], 'pred_events': []}
------------------------------------------------------------

▶️  EJECUTANDO CONSULTA #13
    SRC: !(?,*) | (490,495,490,495,490,495,490,495,490,495,490,495,490,495,490,495,490,495,490,495,490,495,490,495,490,495,490,495) | (86,81,86,81,86,81)
    DST: (68) | !(?,*)
    ⏳ Consulta encolada (ID: 263d3a4331c9). Esperando procesamiento...
    ✅ Estado: DONE
    ✅ Procesado total en 14.89s
    📊 Resultados reales: 7339 filas
    👀 Vista previa (20 filas):
       1. {'obs_seq': '86,81,86,81,86,81', 'pred_seq': '', 'obs_events': [86, 81, 86, 81, 86, 81], 'pred_events': []}
       2. {'obs_seq': '86,81,86,81,86,81', 'pred_seq': '', 'obs_events': [86, 81, 86, 81, 86, 81], 'pred_events': []}
       3. {'obs_seq': '86,81,86,81,86,81', 'pred_seq': '', 'obs_events': [86, 81, 86, 81, 86, 81], 'pred_events': []}
       4. {'obs_seq': '86,81,86,81,86,81', 'pred_seq': '', 'obs_events': [86, 81, 86, 81, 86, 81], 'pred_events': []}
       5. {'obs_seq': '86,81,86,81,86,81', 'pred_seq': '', 'obs_events': [86, 81, 86, 81, 86, 81], 'pred_events': []}
       6. {'obs_seq': '86,81,86,81,86,81', 'pred_seq': '', 'obs_events': [86, 81, 86, 81, 86, 81], 'pred_events': []}
       7. {'obs_seq': '86,81,86,81,86,81', 'pred_seq': '', 'obs_events': [86, 81, 86, 81, 86, 81], 'pred_events': []}
       8. {'obs_seq': '86,81,86,81,86,81', 'pred_seq': '', 'obs_events': [86, 81, 86, 81, 86, 81], 'pred_events': []}
       9. {'obs_seq': '', 'pred_seq': '68', 'obs_events': [], 'pred_events': [68]}
       10. {'obs_seq': '', 'pred_seq': '68', 'obs_events': [], 'pred_events': [68]}
       11. {'obs_seq': '', 'pred_seq': '68', 'obs_events': [], 'pred_events': [68]}
       12. {'obs_seq': '', 'pred_seq': '68', 'obs_events': [], 'pred_events': [68]}
       13. {'obs_seq': '', 'pred_seq': '68', 'obs_events': [], 'pred_events': [68]}
       14. {'obs_seq': '', 'pred_seq': '68', 'obs_events': [], 'pred_events': [68]}
       15. {'obs_seq': '', 'pred_seq': '68', 'obs_events': [], 'pred_events': [68]}
       16. {'obs_seq': '', 'pred_seq': '68', 'obs_events': [], 'pred_events': [68]}
       17. {'obs_seq': '', 'pred_seq': '68', 'obs_events': [], 'pred_events': [68]}
       18. {'obs_seq': '', 'pred_seq': '68', 'obs_events': [], 'pred_events': [68]}
       19. {'obs_seq': '', 'pred_seq': '68', 'obs_events': [], 'pred_events': [68]}
       20. {'obs_seq': '', 'pred_seq': '68', 'obs_events': [], 'pred_events': [68]}
------------------------------------------------------------

▶️  EJECUTANDO CONSULTA #14
    SRC: (74,69,74,69,74,69,74,69,74) | (74) | (75,80,75,80,74,69,74,69,74,69,74,69,74)
    DST: (68,63,68,63,68) | (68) | (68,63,68,63,68,63,68,63,68)
    ⏳ Consulta encolada (ID: 2b0a0c9d36dd). Esperando procesamiento...
    ✅ Estado: DONE
    ✅ Procesado total en 12.99s
    📊 Resultados reales: 5168 filas
    👀 Vista previa (20 filas):
       1. {'obs_seq': '74', 'pred_seq': '68', 'obs_events': [74], 'pred_events': [68]}
       2. {'obs_seq': '74', 'pred_seq': '68', 'obs_events': [74], 'pred_events': [68]}
       3. {'obs_seq': '74', 'pred_seq': '68', 'obs_events': [74], 'pred_events': [68]}
       4. {'obs_seq': '74', 'pred_seq': '68', 'obs_events': [74], 'pred_events': [68]}
       5. {'obs_seq': '74', 'pred_seq': '68', 'obs_events': [74], 'pred_events': [68]}
       6. {'obs_seq': '74', 'pred_seq': '68', 'obs_events': [74], 'pred_events': [68]}
       7. {'obs_seq': '74', 'pred_seq': '68', 'obs_events': [74], 'pred_events': [68]}
       8. {'obs_seq': '74', 'pred_seq': '68', 'obs_events': [74], 'pred_events': [68]}
       9. {'obs_seq': '74', 'pred_seq': '68', 'obs_events': [74], 'pred_events': [68]}
       10. {'obs_seq': '74', 'pred_seq': '68', 'obs_events': [74], 'pred_events': [68]}
       11. {'obs_seq': '74', 'pred_seq': '68', 'obs_events': [74], 'pred_events': [68]}
       12. {'obs_seq': '74', 'pred_seq': '68', 'obs_events': [74], 'pred_events': [68]}
       13. {'obs_seq': '74', 'pred_seq': '68', 'obs_events': [74], 'pred_events': [68]}
       14. {'obs_seq': '74', 'pred_seq': '68', 'obs_events': [74], 'pred_events': [68]}
       15. {'obs_seq': '74', 'pred_seq': '68', 'obs_events': [74], 'pred_events': [68]}
       16. {'obs_seq': '74', 'pred_seq': '68', 'obs_events': [74], 'pred_events': [68]}
       17. {'obs_seq': '74', 'pred_seq': '68', 'obs_events': [74], 'pred_events': [68]}
       18. {'obs_seq': '74', 'pred_seq': '68', 'obs_events': [74], 'pred_events': [68]}
       19. {'obs_seq': '74', 'pred_seq': '68', 'obs_events': [74], 'pred_events': [68]}
       20. {'obs_seq': '74', 'pred_seq': '68', 'obs_events': [74], 'pred_events': [68]}
------------------------------------------------------------

▶️  EJECUTANDO CONSULTA #15
    SRC: (292,297,292,297,292,297,292,297,292,297,292,297,292,297,292,297,292,297,292,297,292,297,292,297) | (75,80,75,81,85,76,87,91,80,75,81,86,80,75,80,75,80,76,85,75,81,86,81,86,81,87,91,80,76,86,81,86,81,86,81,87,92,86,81,86,80,75,81,86,81,86,81,86,82,91,81,86,81,86,81,87,297,292,297,91,292,81,86,80,75,80,75,80,74,69,74,69,74) | !(?,*)
    DST: (86,292,81,297,292,297,292,297,292,297,292,297,292,297,292,297,292,297,292) | (292,297,292,92,86,80,75,80,75,81,86,81,87,92,87,92,87,92,86,81,87,297,292,92,86,81,86,81,86,81,87,297,292,297,292,92,87,297,92,292,87,297,92,292,86,80,75,80,75,82,297,91,292,80,75,80,75,80,75,80,75,80,75,80,75) | (87,92,87,92,87,92,87,92,87,92,87,92,87,92,87,92,87,92,87,92,87,92)
    ⏳ Consulta encolada (ID: 095ee2028d3b). Esperando procesamiento...
    ✅ Estado: DONE
    ✅ Procesado total en 14.48s
    📊 Resultados reales: 90 filas
    👀 Vista previa (20 filas):
       1. {'obs_seq': '', 'pred_seq': '87,92,87,92,87,92,87,92,87,92,87,92,87,92,87,92,87,92,87,92,87,92', 'obs_events': [], 'pred_events': [87, 92, 87, 92, 87, 92, 87, 92, 87, 92, 87, 92, 87, 92, 87, 92, 87, 92, 87, 92, 87, 92]}
       2. {'obs_seq': '', 'pred_seq': '87,92,87,92,87,92,87,92,87,92,87,92,87,92,87,92,87,92,87,92,87,92', 'obs_events': [], 'pred_events': [87, 92, 87, 92, 87, 92, 87, 92, 87, 92, 87, 92, 87, 92, 87, 92, 87, 92, 87, 92, 87, 92]}
       3. {'obs_seq': '', 'pred_seq': '87,92,87,92,87,92,87,92,87,92,87,92,87,92,87,92,87,92,87,92,87,92', 'obs_events': [], 'pred_events': [87, 92, 87, 92, 87, 92, 87, 92, 87, 92, 87, 92, 87, 92, 87, 92, 87, 92, 87, 92, 87, 92]}
       4. {'obs_seq': '', 'pred_seq': '87,92,87,92,87,92,87,92,87,92,87,92,87,92,87,92,87,92,87,92,87,92', 'obs_events': [], 'pred_events': [87, 92, 87, 92, 87, 92, 87, 92, 87, 92, 87, 92, 87, 92, 87, 92, 87, 92, 87, 92, 87, 92]}
       5. {'obs_seq': '', 'pred_seq': '87,92,87,92,87,92,87,92,87,92,87,92,87,92,87,92,87,92,87,92,87,92', 'obs_events': [], 'pred_events': [87, 92, 87, 92, 87, 92, 87, 92, 87, 92, 87, 92, 87, 92, 87, 92, 87, 92, 87, 92, 87, 92]}
       6. {'obs_seq': '', 'pred_seq': '87,92,87,92,87,92,87,92,87,92,87,92,87,92,87,92,87,92,87,92,87,92', 'obs_events': [], 'pred_events': [87, 92, 87, 92, 87, 92, 87, 92, 87, 92, 87, 92, 87, 92, 87, 92, 87, 92, 87, 92, 87, 92]}
       7. {'obs_seq': '', 'pred_seq': '87,92,87,92,87,92,87,92,87,92,87,92,87,92,87,92,87,92,87,92,87,92', 'obs_events': [], 'pred_events': [87, 92, 87, 92, 87, 92, 87, 92, 87, 92, 87, 92, 87, 92, 87, 92, 87, 92, 87, 92, 87, 92]}
       8. {'obs_seq': '', 'pred_seq': '87,92,87,92,87,92,87,92,87,92,87,92,87,92,87,92,87,92,87,92,87,92', 'obs_events': [], 'pred_events': [87, 92, 87, 92, 87, 92, 87, 92, 87, 92, 87, 92, 87, 92, 87, 92, 87, 92, 87, 92, 87, 92]}
       9. {'obs_seq': '', 'pred_seq': '87,92,87,92,87,92,87,92,87,92,87,92,87,92,87,92,87,92,87,92,87,92', 'obs_events': [], 'pred_events': [87, 92, 87, 92, 87, 92, 87, 92, 87, 92, 87, 92, 87, 92, 87, 92, 87, 92, 87, 92, 87, 92]}
       10. {'obs_seq': '', 'pred_seq': '87,92,87,92,87,92,87,92,87,92,87,92,87,92,87,92,87,92,87,92,87,92', 'obs_events': [], 'pred_events': [87, 92, 87, 92, 87, 92, 87, 92, 87, 92, 87, 92, 87, 92, 87, 92, 87, 92, 87, 92, 87, 92]}
       11. {'obs_seq': '', 'pred_seq': '87,92,87,92,87,92,87,92,87,92,87,92,87,92,87,92,87,92,87,92,87,92', 'obs_events': [], 'pred_events': [87, 92, 87, 92, 87, 92, 87, 92, 87, 92, 87, 92, 87, 92, 87, 92, 87, 92, 87, 92, 87, 92]}
       12. {'obs_seq': '', 'pred_seq': '87,92,87,92,87,92,87,92,87,92,87,92,87,92,87,92,87,92,87,92,87,92', 'obs_events': [], 'pred_events': [87, 92, 87, 92, 87, 92, 87, 92, 87, 92, 87, 92, 87, 92, 87, 92, 87, 92, 87, 92, 87, 92]}
       13. {'obs_seq': '', 'pred_seq': '87,92,87,92,87,92,87,92,87,92,87,92,87,92,87,92,87,92,87,92,87,92', 'obs_events': [], 'pred_events': [87, 92, 87, 92, 87, 92, 87, 92, 87, 92, 87, 92, 87, 92, 87, 92, 87, 92, 87, 92, 87, 92]}
       14. {'obs_seq': '', 'pred_seq': '87,92,87,92,87,92,87,92,87,92,87,92,87,92,87,92,87,92,87,92,87,92', 'obs_events': [], 'pred_events': [87, 92, 87, 92, 87, 92, 87, 92, 87, 92, 87, 92, 87, 92, 87, 92, 87, 92, 87, 92, 87, 92]}
       15. {'obs_seq': '', 'pred_seq': '87,92,87,92,87,92,87,92,87,92,87,92,87,92,87,92,87,92,87,92,87,92', 'obs_events': [], 'pred_events': [87, 92, 87, 92, 87, 92, 87, 92, 87, 92, 87, 92, 87, 92, 87, 92, 87, 92, 87, 92, 87, 92]}
       16. {'obs_seq': '', 'pred_seq': '87,92,87,92,87,92,87,92,87,92,87,92,87,92,87,92,87,92,87,92,87,92', 'obs_events': [], 'pred_events': [87, 92, 87, 92, 87, 92, 87, 92, 87, 92, 87, 92, 87, 92, 87, 92, 87, 92, 87, 92, 87, 92]}
       17. {'obs_seq': '', 'pred_seq': '87,92,87,92,87,92,87,92,87,92,87,92,87,92,87,92,87,92,87,92,87,92', 'obs_events': [], 'pred_events': [87, 92, 87, 92, 87, 92, 87, 92, 87, 92, 87, 92, 87, 92, 87, 92, 87, 92, 87, 92, 87, 92]}
       18. {'obs_seq': '', 'pred_seq': '87,92,87,92,87,92,87,92,87,92,87,92,87,92,87,92,87,92,87,92,87,92', 'obs_events': [], 'pred_events': [87, 92, 87, 92, 87, 92, 87, 92, 87, 92, 87, 92, 87, 92, 87, 92, 87, 92, 87, 92, 87, 92]}
       19. {'obs_seq': '', 'pred_seq': '87,92,87,92,87,92,87,92,87,92,87,92,87,92,87,92,87,92,87,92,87,92', 'obs_events': [], 'pred_events': [87, 92, 87, 92, 87, 92, 87, 92, 87, 92, 87, 92, 87, 92, 87, 92, 87, 92, 87, 92, 87, 92]}
       20. {'obs_seq': '', 'pred_seq': '87,92,87,92,87,92,87,92,87,92,87,92,87,92,87,92,87,92,87,92,87,92', 'obs_events': [], 'pred_events': [87, 92, 87, 92, 87, 92, 87, 92, 87, 92, 87, 92, 87, 92, 87, 92, 87, 92, 87, 92, 87, 92]}
------------------------------------------------------------

🏁 Todas las pruebas finalizadas.
